// Jest Snapshot v1, https://goo.gl/fbAQLP

exports[`should insert styles 1`] = `
Array [
  CSSStyleRule {
    "__ends": 20,
    "__starts": 0,
    "parentRule": null,
    "parentStyleSheet": CSSStyleSheet {
      "cssRules": [Circular],
      "parentStyleSheet": null,
    },
    "selectorText": ".bla",
    "style": CSSStyleDeclaration {
      "0": "color",
      "__starts": 5,
      "_importants": Object {
        "color": "",
      },
      "color": "red",
      "length": 1,
      "parentRule": [Circular],
    },
  },
  CSSStyleRule {
    "__ends": 20,
    "__starts": 0,
    "parentRule": null,
    "parentStyleSheet": CSSStyleSheet {
      "cssRules": [Circular],
      "parentStyleSheet": null,
    },
    "selectorText": ".bla",
    "style": CSSStyleDeclaration {
      "0": "color",
      "__starts": 5,
      "_importants": Object {
        "color": "",
      },
      "color": "red",
      "length": 1,
      "parentRule": [Circular],
    },
  },
  CSSStyleRule {
    "__ends": 21,
    "__starts": 0,
    "parentRule": null,
    "parentStyleSheet": CSSStyleSheet {
      "cssRules": [Circular],
      "parentStyleSheet": null,
    },
    "selectorText": ".bla2",
    "style": CSSStyleDeclaration {
      "0": "color",
      "__starts": 6,
      "_importants": Object {
        "color": "",
      },
      "color": "red",
      "length": 1,
      "parentRule": [Circular],
    },
  },
  CSSStyleRule {
    "__ends": 21,
    "__starts": 0,
    "parentRule": null,
    "parentStyleSheet": CSSStyleSheet {
      "cssRules": [Circular],
      "parentStyleSheet": null,
    },
    "selectorText": ".bla2",
    "style": CSSStyleDeclaration {
      "0": "color",
      "__starts": 6,
      "_importants": Object {
        "color": "",
      },
      "color": "red",
      "length": 1,
      "parentRule": [Circular],
    },
  },
]
`;
