// Jest Snapshot v1, https://goo.gl/fbAQLP

exports[`StyledProvider should render its child 1`] = `
<p>
  Child!
</p>
`;

exports[`StyledProvider should scope styles to the prefix specified in the scope prop 1`] = `
<div
  className="sc-a b"
>
  Child!
</div>
`;
